###############################################################################
#
# IAR ELF Linker V7.80.3.12102/W32 for ARM                04/Apr/2017  16:17:19
# Copyright 2007-2016 IAR Systems AB.
#
#    Output file  =  
#        C:\Users\Yobart\Documents\GitHub\Projekt\WiLCD\Prototyp\EWARM\Prototyp\Exe\Prototyp.out
#    Map file     =  
#        C:\Users\Yobart\Documents\GitHub\Projekt\WiLCD\Prototyp\EWARM\Prototyp\List\Prototyp.map
#    Command line =  
#        C:\Users\Yobart\Documents\GitHub\Projekt\WiLCD\Prototyp\EWARM\Prototyp\Obj\gpio.o
#        C:\Users\Yobart\Documents\GitHub\Projekt\WiLCD\Prototyp\EWARM\Prototyp\Obj\i2c.o
#        C:\Users\Yobart\Documents\GitHub\Projekt\WiLCD\Prototyp\EWARM\Prototyp\Obj\main.o
#        C:\Users\Yobart\Documents\GitHub\Projekt\WiLCD\Prototyp\EWARM\Prototyp\Obj\rtc.o
#        C:\Users\Yobart\Documents\GitHub\Projekt\WiLCD\Prototyp\EWARM\Prototyp\Obj\startup_stm32f303xc.o
#        C:\Users\Yobart\Documents\GitHub\Projekt\WiLCD\Prototyp\EWARM\Prototyp\Obj\stm32f3xx_hal.o
#        C:\Users\Yobart\Documents\GitHub\Projekt\WiLCD\Prototyp\EWARM\Prototyp\Obj\stm32f3xx_hal_cortex.o
#        C:\Users\Yobart\Documents\GitHub\Projekt\WiLCD\Prototyp\EWARM\Prototyp\Obj\stm32f3xx_hal_dma.o
#        C:\Users\Yobart\Documents\GitHub\Projekt\WiLCD\Prototyp\EWARM\Prototyp\Obj\stm32f3xx_hal_flash.o
#        C:\Users\Yobart\Documents\GitHub\Projekt\WiLCD\Prototyp\EWARM\Prototyp\Obj\stm32f3xx_hal_flash_ex.o
#        C:\Users\Yobart\Documents\GitHub\Projekt\WiLCD\Prototyp\EWARM\Prototyp\Obj\stm32f3xx_hal_gpio.o
#        C:\Users\Yobart\Documents\GitHub\Projekt\WiLCD\Prototyp\EWARM\Prototyp\Obj\stm32f3xx_hal_i2c.o
#        C:\Users\Yobart\Documents\GitHub\Projekt\WiLCD\Prototyp\EWARM\Prototyp\Obj\stm32f3xx_hal_i2c_ex.o
#        C:\Users\Yobart\Documents\GitHub\Projekt\WiLCD\Prototyp\EWARM\Prototyp\Obj\stm32f3xx_hal_msp.o
#        C:\Users\Yobart\Documents\GitHub\Projekt\WiLCD\Prototyp\EWARM\Prototyp\Obj\stm32f3xx_hal_pwr.o
#        C:\Users\Yobart\Documents\GitHub\Projekt\WiLCD\Prototyp\EWARM\Prototyp\Obj\stm32f3xx_hal_pwr_ex.o
#        C:\Users\Yobart\Documents\GitHub\Projekt\WiLCD\Prototyp\EWARM\Prototyp\Obj\stm32f3xx_hal_rcc.o
#        C:\Users\Yobart\Documents\GitHub\Projekt\WiLCD\Prototyp\EWARM\Prototyp\Obj\stm32f3xx_hal_rcc_ex.o
#        C:\Users\Yobart\Documents\GitHub\Projekt\WiLCD\Prototyp\EWARM\Prototyp\Obj\stm32f3xx_hal_rtc.o
#        C:\Users\Yobart\Documents\GitHub\Projekt\WiLCD\Prototyp\EWARM\Prototyp\Obj\stm32f3xx_hal_rtc_ex.o
#        C:\Users\Yobart\Documents\GitHub\Projekt\WiLCD\Prototyp\EWARM\Prototyp\Obj\stm32f3xx_hal_tim.o
#        C:\Users\Yobart\Documents\GitHub\Projekt\WiLCD\Prototyp\EWARM\Prototyp\Obj\stm32f3xx_hal_tim_ex.o
#        C:\Users\Yobart\Documents\GitHub\Projekt\WiLCD\Prototyp\EWARM\Prototyp\Obj\stm32f3xx_hal_uart.o
#        C:\Users\Yobart\Documents\GitHub\Projekt\WiLCD\Prototyp\EWARM\Prototyp\Obj\stm32f3xx_hal_uart_ex.o
#        C:\Users\Yobart\Documents\GitHub\Projekt\WiLCD\Prototyp\EWARM\Prototyp\Obj\stm32f3xx_it.o
#        C:\Users\Yobart\Documents\GitHub\Projekt\WiLCD\Prototyp\EWARM\Prototyp\Obj\system_stm32f3xx.o
#        C:\Users\Yobart\Documents\GitHub\Projekt\WiLCD\Prototyp\EWARM\Prototyp\Obj\usart.o
#        --redirect _Printf=_PrintfFull --redirect _Scanf=_ScanfFull -o
#        C:\Users\Yobart\Documents\GitHub\Projekt\WiLCD\Prototyp\EWARM\Prototyp\Exe\Prototyp.out
#        --map
#        C:\Users\Yobart\Documents\GitHub\Projekt\WiLCD\Prototyp\EWARM\Prototyp\List\Prototyp.map
#        --config
#        C:\Users\Yobart\Documents\GitHub\Projekt\WiLCD\Prototyp\EWARM/stm32f303xc_flash.icf
#        --semihosting --entry __iar_program_start --vfe
#
###############################################################################

*******************************************************************************
*** RUNTIME MODEL ATTRIBUTES
***

CppFlavor       = *
__SystemLibrary = DLib


*******************************************************************************
*** PLACEMENT SUMMARY
***

"A0":  place at 0x08000000 { ro section .intvec };
"P1":  place in [from 0x08000000 to 0x0803ffff] { ro };
"P2":  place in [from 0x20000000 to 0x20009fff] { rw, block CSTACK, block HEAP };
initialize by copy { rw };

  Section            Kind        Address    Size  Object
  -------            ----        -------    ----  ------
"A0":                                      0x188
  .intvec            ro code  0x08000000   0x188  startup_stm32f303xc.o [1]
                            - 0x08000188   0x188

"P1":                                     0x1dc4
  .text              ro code  0x08000188   0x7b4  stm32f3xx_hal_uart.o [1]
  .text              ro code  0x0800093c    0x88  usart.o [1]
  .text              ro code  0x080009c4     0x2  stm32f3xx_hal_uart_ex.o [1]
  .text              ro code  0x080009c6     0x2  stm32f3xx_hal_uart.o [1]
  .text              ro code  0x080009c8   0x4a8  stm32f3xx_hal_rcc.o [1]
  .text              ro code  0x08000e70     0xc  stm32f3xx_hal.o [1]
  .text              ro code  0x08000e7c   0x170  main.o [1]
  .text              ro code  0x08000fec   0x19c  stm32f3xx_hal_gpio.o [1]
  .text              ro code  0x08001188    0x28  stm32f3xx_hal.o [1]
  .text              ro code  0x080011b0    0x76  ABImemcpy_unaligned.o [5]
  .text              ro code  0x08001228    0x24  stm32f3xx_hal.o [1]
  .text              ro code  0x0800124c    0xd8  gpio.o [1]
  .text              ro code  0x08001324    0xcc  i2c.o [1]
  .text              ro code  0x080013f0    0x48  rtc.o [1]
  .text              ro code  0x08001438   0x1b8  stm32f3xx_hal_rcc_ex.o [1]
  .text              ro code  0x080015f0    0xc6  stm32f3xx_hal_cortex.o [1]
  .text              ro code  0x080016b8    0x78  stm32f3xx_hal_msp.o [1]
  .text              ro code  0x08001730   0x3ac  stm32f3xx_hal_i2c.o [1]
  .text              ro code  0x08001adc    0x56  stm32f3xx_hal_i2c_ex.o [1]
  .text              ro code  0x08001b34    0xd4  stm32f3xx_hal_rtc.o [1]
  .text              ro code  0x08001c08    0x7c  system_stm32f3xx.o [1]
  .text              ro code  0x08001c84    0x40  zero_init3.o [5]
  .text              ro code  0x08001cc4    0x38  packbits_init_single.o [5]
  .text              ro code  0x08001cfc    0x28  data_init.o [5]
  .text              ro code  0x08001d24    0x22  fpinit_M.o [4]
  .iar.init_table    const    0x08001d48    0x20  - Linker created -
  .text              ro code  0x08001d68    0x1a  cmain.o [5]
  .text              ro code  0x08001d82     0x4  low_level_init.o [3]
  .text              ro code  0x08001d86     0x4  exit.o [3]
  .text              ro code  0x08001d8c     0xa  cexit.o [5]
  .text              ro code  0x08001d98    0x14  exit.o [6]
  .text              ro code  0x08001dac    0x18  stm32f3xx_it.o [1]
  .text              ro code  0x08001dc4    0x10  stm32f3xx_hal.o [1]
  .text              ro code  0x08001dd4    0x10  startup_stm32f303xc.o [1]
  .text              ro code  0x08001de4     0xc  cstartup_M.o [5]
  .rodata            const    0x08001df0     0x8  system_stm32f3xx.o [1]
  .text              ro code  0x08001df8     0x4  startup_stm32f303xc.o [1]
  .text              ro code  0x08001dfc     0x4  startup_stm32f303xc.o [1]
  .text              ro code  0x08001e00     0x4  startup_stm32f303xc.o [1]
  .text              ro code  0x08001e04     0x4  startup_stm32f303xc.o [1]
  .text              ro code  0x08001e08     0x4  startup_stm32f303xc.o [1]
  .text              ro code  0x08001e0c     0x4  startup_stm32f303xc.o [1]
  .text              ro code  0x08001e10     0x4  startup_stm32f303xc.o [1]
  .text              ro code  0x08001e14     0x4  startup_stm32f303xc.o [1]
  .text              ro code  0x08001e18     0x4  startup_stm32f303xc.o [1]
  .text              ro code  0x08001e1c     0x4  startup_stm32f303xc.o [1]
  .text              ro code  0x08001e20     0x4  startup_stm32f303xc.o [1]
  .text              ro code  0x08001e24     0x4  startup_stm32f303xc.o [1]
  .text              ro code  0x08001e28     0x4  startup_stm32f303xc.o [1]
  .text              ro code  0x08001e2c     0x4  startup_stm32f303xc.o [1]
  .text              ro code  0x08001e30     0x4  startup_stm32f303xc.o [1]
  .text              ro code  0x08001e34     0x4  startup_stm32f303xc.o [1]
  .text              ro code  0x08001e38     0x4  startup_stm32f303xc.o [1]
  .text              ro code  0x08001e3c     0x4  startup_stm32f303xc.o [1]
  .text              ro code  0x08001e40     0x4  startup_stm32f303xc.o [1]
  .text              ro code  0x08001e44     0x4  startup_stm32f303xc.o [1]
  .text              ro code  0x08001e48     0x4  startup_stm32f303xc.o [1]
  .text              ro code  0x08001e4c     0x4  startup_stm32f303xc.o [1]
  .text              ro code  0x08001e50     0x4  startup_stm32f303xc.o [1]
  .text              ro code  0x08001e54     0x4  startup_stm32f303xc.o [1]
  .text              ro code  0x08001e58     0x4  startup_stm32f303xc.o [1]
  .text              ro code  0x08001e5c     0x4  startup_stm32f303xc.o [1]
  .text              ro code  0x08001e60     0x4  startup_stm32f303xc.o [1]
  .text              ro code  0x08001e64     0x4  startup_stm32f303xc.o [1]
  .text              ro code  0x08001e68     0x4  startup_stm32f303xc.o [1]
  .text              ro code  0x08001e6c     0x4  startup_stm32f303xc.o [1]
  .text              ro code  0x08001e70     0x4  startup_stm32f303xc.o [1]
  .text              ro code  0x08001e74     0x4  startup_stm32f303xc.o [1]
  .text              ro code  0x08001e78     0x4  startup_stm32f303xc.o [1]
  .text              ro code  0x08001e7c     0x4  startup_stm32f303xc.o [1]
  .text              ro code  0x08001e80     0x4  startup_stm32f303xc.o [1]
  .text              ro code  0x08001e84     0x4  startup_stm32f303xc.o [1]
  .text              ro code  0x08001e88     0x4  startup_stm32f303xc.o [1]
  .text              ro code  0x08001e8c     0x4  startup_stm32f303xc.o [1]
  .text              ro code  0x08001e90     0x4  startup_stm32f303xc.o [1]
  .text              ro code  0x08001e94     0x4  startup_stm32f303xc.o [1]
  .text              ro code  0x08001e98     0x4  startup_stm32f303xc.o [1]
  .text              ro code  0x08001e9c     0x4  startup_stm32f303xc.o [1]
  .text              ro code  0x08001ea0     0x4  startup_stm32f303xc.o [1]
  .text              ro code  0x08001ea4     0x4  startup_stm32f303xc.o [1]
  .text              ro code  0x08001ea8     0x4  startup_stm32f303xc.o [1]
  .text              ro code  0x08001eac     0x4  startup_stm32f303xc.o [1]
  .text              ro code  0x08001eb0     0x4  startup_stm32f303xc.o [1]
  .text              ro code  0x08001eb4     0x4  startup_stm32f303xc.o [1]
  .text              ro code  0x08001eb8     0x4  startup_stm32f303xc.o [1]
  .text              ro code  0x08001ebc     0x4  startup_stm32f303xc.o [1]
  .text              ro code  0x08001ec0     0x4  startup_stm32f303xc.o [1]
  .text              ro code  0x08001ec4     0x4  startup_stm32f303xc.o [1]
  .text              ro code  0x08001ec8     0x4  startup_stm32f303xc.o [1]
  .text              ro code  0x08001ecc     0x4  startup_stm32f303xc.o [1]
  .text              ro code  0x08001ed0     0x4  startup_stm32f303xc.o [1]
  .text              ro code  0x08001ed4     0x4  startup_stm32f303xc.o [1]
  .text              ro code  0x08001ed8     0x4  startup_stm32f303xc.o [1]
  .text              ro code  0x08001edc     0x4  startup_stm32f303xc.o [1]
  .text              ro code  0x08001ee0     0x4  startup_stm32f303xc.o [1]
  .text              ro code  0x08001ee4     0x4  startup_stm32f303xc.o [1]
  .text              ro code  0x08001ee8     0x4  startup_stm32f303xc.o [1]
  .text              ro code  0x08001eec     0x4  startup_stm32f303xc.o [1]
  .text              ro code  0x08001ef0     0x4  startup_stm32f303xc.o [1]
  .text              ro code  0x08001ef4     0x4  startup_stm32f303xc.o [1]
  .text              ro code  0x08001ef8     0x4  startup_stm32f303xc.o [1]
  .text              ro code  0x08001efc     0x4  startup_stm32f303xc.o [1]
  .text              ro code  0x08001f00     0x4  startup_stm32f303xc.o [1]
  .text              ro code  0x08001f04     0x4  startup_stm32f303xc.o [1]
  .text              ro code  0x08001f08     0x4  startup_stm32f303xc.o [1]
  .text              ro code  0x08001f0c     0x4  startup_stm32f303xc.o [1]
  .text              ro code  0x08001f10     0x4  startup_stm32f303xc.o [1]
  .text              ro code  0x08001f14     0x4  startup_stm32f303xc.o [1]
  .text              ro code  0x08001f18     0x4  startup_stm32f303xc.o [1]
  .rodata            const    0x08001f1c     0x0  zero_init3.o [5]
  .rodata            const    0x08001f1c     0x0  packbits_init_single.o [5]
  Initializer bytes  const    0x08001f1c    0x30  <for P2-1>
                            - 0x08001f4c  0x1dc4

"P2", part 1 of 3:                          0x7c
  P2-1                        0x20000000    0x7c  <Init block>
    .data            inited   0x20000000    0x78  i2c.o [1]
    .data            inited   0x20000078     0x4  system_stm32f3xx.o [1]
                            - 0x2000007c    0x7c

"P2", part 2 of 3:                         0x400
  CSTACK                      0x20000080   0x400  <Block>
    CSTACK           uninit   0x20000080   0x400  <Block tail>
                            - 0x20000480   0x400

"P2", part 3 of 3:                          0x98
  .bss               zero     0x20000480    0x70  usart.o [1]
  .bss               zero     0x200004f0    0x20  rtc.o [1]
  .bss               zero     0x20000510     0x4  stm32f3xx_hal.o [1]
  .bss               zero     0x20000514     0x1  main.o [1]
                            - 0x20000515    0x95


*******************************************************************************
*** INIT TABLE
***

          Address     Size
          -------     ----
Zero (__iar_zero_init3)
    1 destination range, total size 0x95:
          0x20000480  0x95

Copy/packbits (__iar_packbits_init_single3)
    1 source range, total size 0x30 (38% of destination):
          0x08001f1c  0x30
    1 destination range, total size 0x7c:
          0x20000000  0x7c



*******************************************************************************
*** MODULE SUMMARY
***

    Module                   ro code  ro data  rw data
    ------                   -------  -------  -------
C:\Users\Yobart\Documents\GitHub\Projekt\WiLCD\Prototyp\EWARM\Prototyp\Obj: [1]
    gpio.o                       216
    i2c.o                        204       46      120
    main.o                       368                 1
    rtc.o                         72                32
    startup_stm32f303xc.o        700
    stm32f3xx_hal.o              104                 4
    stm32f3xx_hal_cortex.o       198
    stm32f3xx_hal_gpio.o         412
    stm32f3xx_hal_i2c.o          940
    stm32f3xx_hal_i2c_ex.o        86
    stm32f3xx_hal_msp.o          120
    stm32f3xx_hal_rcc.o        1 192
    stm32f3xx_hal_rcc_ex.o       440
    stm32f3xx_hal_rtc.o          212
    stm32f3xx_hal_uart.o       1 974
    stm32f3xx_hal_uart_ex.o        2
    stm32f3xx_it.o                24
    system_stm32f3xx.o           124       10        4
    usart.o                      136               112
    --------------------------------------------------
    Total:                     7 524       56      273

command line: [2]
    --------------------------------------------------
    Total:

dl7M_tlf.a: [3]
    exit.o                         4
    low_level_init.o               4
    --------------------------------------------------
    Total:                         8

m7M_tls.a: [4]
    fpinit_M.o                    34
    --------------------------------------------------
    Total:                        34

rt7M_tl.a: [5]
    ABImemcpy_unaligned.o        118
    cexit.o                       10
    cmain.o                       26
    cstartup_M.o                  12
    data_init.o                   40
    packbits_init_single.o        56
    zero_init3.o                  64
    --------------------------------------------------
    Total:                       326

shb_l.a: [6]
    exit.o                        20
    --------------------------------------------------
    Total:                        20

    Gaps                          10        2
    Linker created                         32    1 024
------------------------------------------------------
    Grand Total:               7 922       90    1 297


*******************************************************************************
*** ENTRY LIST
***

Entry                      Address   Size  Type      Object
-----                      -------   ----  ----      ------
.iar.init_table$$Base   0x08001d48          --   Gb  - Linker created -
.iar.init_table$$Limit  0x08001d68          --   Gb  - Linker created -
?main                   0x08001d69         Code  Gb  cmain.o [5]
AHBPrescTable           0x08001c74   0x10  Data  Gb  system_stm32f3xx.o [1]
APBPrescTable           0x08001df0    0x8  Data  Gb  system_stm32f3xx.o [1]
CSTACK$$Base            0x20000080          --   Gb  - Linker created -
CSTACK$$Limit           0x20000480          --   Gb  - Linker created -
Error_Handler           0x08000fb3   0x10  Code  Gb  main.o [1]
HAL_GPIO_Init           0x08000fed  0x16c  Code  Gb  stm32f3xx_hal_gpio.o [1]
HAL_GPIO_WritePin       0x08001163    0xa  Code  Gb  stm32f3xx_hal_gpio.o [1]
HAL_GetTick             0x08000e71    0xc  Code  Wk  stm32f3xx_hal.o [1]
HAL_I2CEx_ConfigAnalogFilter
                        0x08001add   0x28  Code  Gb  stm32f3xx_hal_i2c_ex.o [1]
HAL_I2C_Init            0x08001731   0x98  Code  Gb  stm32f3xx_hal_i2c.o [1]
HAL_I2C_Master_Transmit
                        0x080017d9   0xae  Code  Gb  stm32f3xx_hal_i2c.o [1]
HAL_I2C_MspInit         0x08001399   0x42  Code  Gb  i2c.o [1]
HAL_IncTick             0x08001dc5   0x10  Code  Wk  stm32f3xx_hal.o [1]
HAL_Init                0x08001229   0x20  Code  Gb  stm32f3xx_hal.o [1]
HAL_InitTick            0x08001189   0x28  Code  Wk  stm32f3xx_hal.o [1]
HAL_MspInit             0x080016b9   0x78  Code  Gb  stm32f3xx_hal_msp.o [1]
HAL_NVIC_SetPriority    0x08001625   0x3a  Code  Gb  stm32f3xx_hal_cortex.o [1]
HAL_NVIC_SetPriorityGrouping
                        0x0800160b   0x1a  Code  Gb  stm32f3xx_hal_cortex.o [1]
HAL_RCCEx_PeriphCLKConfig
                        0x08001439  0x1aa  Code  Gb  stm32f3xx_hal_rcc_ex.o [1]
HAL_RCC_ClockConfig     0x08000c9b  0x112  Code  Gb  stm32f3xx_hal_rcc.o [1]
HAL_RCC_GetHCLKFreq     0x08000dfb    0x6  Code  Gb  stm32f3xx_hal_rcc.o [1]
HAL_RCC_GetPCLK1Freq    0x08000e01   0x10  Code  Gb  stm32f3xx_hal_rcc.o [1]
HAL_RCC_GetPCLK2Freq    0x08000e11    0xe  Code  Gb  stm32f3xx_hal_rcc.o [1]
HAL_RCC_GetSysClockFreq
                        0x08000dc1   0x3a  Code  Gb  stm32f3xx_hal_rcc.o [1]
HAL_RCC_OscConfig       0x080009c9  0x2c0  Code  Gb  stm32f3xx_hal_rcc.o [1]
HAL_RTC_Init            0x08001b35   0x7e  Code  Gb  stm32f3xx_hal_rtc.o [1]
HAL_RTC_MspInit         0x0800141d   0x10  Code  Gb  rtc.o [1]
HAL_SYSTICK_CLKSourceConfig
                        0x08001687   0x14  Code  Gb  stm32f3xx_hal_cortex.o [1]
HAL_SYSTICK_Callback    0x080016b5    0x2  Code  Wk  stm32f3xx_hal_cortex.o [1]
HAL_SYSTICK_Config      0x0800165f   0x28  Code  Gb  stm32f3xx_hal_cortex.o [1]
HAL_SYSTICK_IRQHandler  0x080016b1    0x4  Code  Gb  stm32f3xx_hal_cortex.o [1]
HAL_UARTEx_WakeupCallback
                        0x080009c5    0x2  Code  Wk  stm32f3xx_hal_uart_ex.o [1]
HAL_UART_ErrorCallback  0x080009c7    0x2  Code  Wk  stm32f3xx_hal_uart.o [1]
HAL_UART_IRQHandler     0x080003f3   0xe2  Code  Gb  stm32f3xx_hal_uart.o [1]
HAL_UART_Init           0x08000189   0x30  Code  Gb  stm32f3xx_hal_uart.o [1]
HAL_UART_MspInit        0x08000971   0x42  Code  Gb  usart.o [1]
HAL_UART_Receive        0x0800028b   0xa8  Code  Gb  stm32f3xx_hal_uart.o [1]
HAL_UART_Receive_IT     0x08000377   0x76  Code  Gb  stm32f3xx_hal_uart.o [1]
HAL_UART_RxCpltCallback
                        0x08000e7f    0x2  Code  Gb  main.o [1]
HAL_UART_Transmit       0x08000203   0x88  Code  Gb  stm32f3xx_hal_uart.o [1]
HAL_UART_Transmit_IT    0x08000337   0x40  Code  Gb  stm32f3xx_hal_uart.o [1]
HAL_UART_TxCpltCallback
                        0x08000e7d    0x2  Code  Gb  main.o [1]
I2C_Flush_TXDR          0x0800195b   0x1c  Code  Lc  stm32f3xx_hal_i2c.o [1]
I2C_IsAcknowledgeFailed
                        0x08001a47   0x52  Code  Lc  stm32f3xx_hal_i2c.o [1]
I2C_TransferConfig      0x08001ab7   0x1e  Code  Lc  stm32f3xx_hal_i2c.o [1]
I2C_WaitOnFlagUntilTimeout
                        0x08001977   0x4a  Code  Lc  stm32f3xx_hal_i2c.o [1]
I2C_WaitOnSTOPFlagUntilTimeout
                        0x080019f3   0x2c  Code  Lc  stm32f3xx_hal_i2c.o [1]
I2C_WaitOnTXISFlagUntilTimeout
                        0x080019c1   0x32  Code  Lc  stm32f3xx_hal_i2c.o [1]
MX_GPIO_Init            0x0800124d   0xc4  Code  Gb  gpio.o [1]
MX_I2C1_Init            0x08001359   0x40  Code  Gb  i2c.o [1]
MX_RTC_Init             0x080013f1   0x2c  Code  Gb  rtc.o [1]
MX_USART1_UART_Init     0x0800093d   0x34  Code  Gb  usart.o [1]
NVIC_SetPriority        0x080015f1   0x1a  Code  Lc  stm32f3xx_hal_cortex.o [1]
RTC_EnterInitMode       0x08001bd5   0x34  Code  Gb  stm32f3xx_hal_rtc.o [1]
Region$$Table$$Base     0x08001d48          --   Gb  - Linker created -
Region$$Table$$Limit    0x08001d68          --   Gb  - Linker created -
SysTick_Handler         0x08001dad    0xe  Code  Gb  stm32f3xx_it.o [1]
SystemClock_Config      0x08000f1b   0x98  Code  Gb  main.o [1]
SystemCoreClock         0x20000078    0x4  Data  Gb  system_stm32f3xx.o [1]
SystemInit              0x08001c09   0x52  Code  Gb  system_stm32f3xx.o [1]
UART_AdvFeatureConfig   0x0800069d   0xc6  Code  Gb  stm32f3xx_hal_uart.o [1]
UART_CheckIdleState     0x08000763   0x46  Code  Gb  stm32f3xx_hal_uart.o [1]
UART_EndTransmit_IT     0x080008a5   0x1a  Code  Gb  stm32f3xx_hal_uart.o [1]
UART_Receive_IT         0x080008bf   0x7e  Code  Gb  stm32f3xx_hal_uart.o [1]
UART_SetConfig          0x080004d5  0x1ac  Code  Gb  stm32f3xx_hal_uart.o [1]
UART_Transmit_IT        0x08000845   0x60  Code  Gb  stm32f3xx_hal_uart.o [1]
UART_WaitOnFlagUntilTimeout
                        0x080007b5   0x90  Code  Gb  stm32f3xx_hal_uart.o [1]
USART3_IRQHandler       0x08001dbb    0x6  Code  Gb  stm32f3xx_it.o [1]
UartReady               0x20000514    0x1  Data  Gb  main.o [1]
__cmain                 0x08001d69         Code  Gb  cmain.o [5]
__exit                  0x08001d99   0x14  Code  Gb  exit.o [6]
__iar_data_init3        0x08001cfd   0x28  Code  Gb  data_init.o [5]
__iar_init_vfp          0x08001d25         Code  Gb  fpinit_M.o [4]
__iar_packbits_init_single3
                        0x08001cc5   0x38  Code  Gb  packbits_init_single.o [5]
__iar_program_start     0x08001de5         Code  Gb  cstartup_M.o [5]
__iar_unaligned___aeabi_memcpy
                        0x080011b1         Code  Gb  ABImemcpy_unaligned.o [5]
__iar_unaligned___aeabi_memcpy4
                        0x080011d1         Code  Gb  ABImemcpy_unaligned.o [5]
__iar_unaligned___aeabi_memcpy8
                        0x080011d1         Code  Gb  ABImemcpy_unaligned.o [5]
__iar_zero_init3        0x08001c85   0x40  Code  Gb  zero_init3.o [5]
__low_level_init        0x08001d83    0x4  Code  Gb  low_level_init.o [3]
__vector_table          0x08000000         Data  Gb  startup_stm32f303xc.o [1]
_call_main              0x08001d75         Code  Gb  cmain.o [5]
_exit                   0x08001d8d         Code  Gb  cexit.o [5]
_main                   0x08001d7f         Code  Gb  cmain.o [5]
aPLLMULFactorTable      0x08000e50   0x10  Data  Gb  stm32f3xx_hal_rcc.o [1]
aPredivFactorTable      0x08000e60   0x10  Data  Gb  stm32f3xx_hal_rcc.o [1]
address                 0x20000000    0x1  Data  Gb  i2c.o [1]
displayInit             0x08001325   0x12  Code  Gb  i2c.o [1]
displayInitSequence     0x20000054   0x24  Data  Gb  i2c.o [1]
displayMessage          0x20000050    0x2  Data  Gb  i2c.o [1]
displayMsg              0x08001337   0x10  Code  Gb  i2c.o [1]
exit                    0x08001d87    0x4  Code  Gb  exit.o [3]
hi2c1                   0x20000004   0x4c  Data  Gb  i2c.o [1]
hrtc                    0x200004f0   0x20  Data  Gb  rtc.o [1]
huart1                  0x20000480   0x70  Data  Gb  usart.o [1]
main                    0x08000e89   0x86  Code  Gb  main.o [1]
uwTick                  0x20000510    0x4  Data  Gb  stm32f3xx_hal.o [1]


[1] = C:\Users\Yobart\Documents\GitHub\Projekt\WiLCD\Prototyp\EWARM\Prototyp\Obj
[2] = command line
[3] = dl7M_tlf.a
[4] = m7M_tls.a
[5] = rt7M_tl.a
[6] = shb_l.a

  7 922 bytes of readonly  code memory
     90 bytes of readonly  data memory
  1 297 bytes of readwrite data memory

Errors: none
Warnings: none
