###############################################################################
#
# IAR ELF Linker V7.80.3.12102/W32 for ARM                06/Apr/2017  15:22:17
# Copyright 2007-2016 IAR Systems AB.
#
#    Output file  =  
#        C:\Users\Yobart\Documents\GitHub\Projekt\WiLCD\Prototyp\EWARM\Prototyp\Exe\Prototyp.out
#    Map file     =  
#        C:\Users\Yobart\Documents\GitHub\Projekt\WiLCD\Prototyp\EWARM\Prototyp\List\Prototyp.map
#    Command line =  
#        C:\Users\Yobart\Documents\GitHub\Projekt\WiLCD\Prototyp\EWARM\Prototyp\Obj\func.o
#        C:\Users\Yobart\Documents\GitHub\Projekt\WiLCD\Prototyp\EWARM\Prototyp\Obj\gpio.o
#        C:\Users\Yobart\Documents\GitHub\Projekt\WiLCD\Prototyp\EWARM\Prototyp\Obj\i2c.o
#        C:\Users\Yobart\Documents\GitHub\Projekt\WiLCD\Prototyp\EWARM\Prototyp\Obj\main.o
#        C:\Users\Yobart\Documents\GitHub\Projekt\WiLCD\Prototyp\EWARM\Prototyp\Obj\rtc.o
#        C:\Users\Yobart\Documents\GitHub\Projekt\WiLCD\Prototyp\EWARM\Prototyp\Obj\startup_stm32f303xc.o
#        C:\Users\Yobart\Documents\GitHub\Projekt\WiLCD\Prototyp\EWARM\Prototyp\Obj\stm32f3xx_hal.o
#        C:\Users\Yobart\Documents\GitHub\Projekt\WiLCD\Prototyp\EWARM\Prototyp\Obj\stm32f3xx_hal_cortex.o
#        C:\Users\Yobart\Documents\GitHub\Projekt\WiLCD\Prototyp\EWARM\Prototyp\Obj\stm32f3xx_hal_dma.o
#        C:\Users\Yobart\Documents\GitHub\Projekt\WiLCD\Prototyp\EWARM\Prototyp\Obj\stm32f3xx_hal_flash.o
#        C:\Users\Yobart\Documents\GitHub\Projekt\WiLCD\Prototyp\EWARM\Prototyp\Obj\stm32f3xx_hal_flash_ex.o
#        C:\Users\Yobart\Documents\GitHub\Projekt\WiLCD\Prototyp\EWARM\Prototyp\Obj\stm32f3xx_hal_gpio.o
#        C:\Users\Yobart\Documents\GitHub\Projekt\WiLCD\Prototyp\EWARM\Prototyp\Obj\stm32f3xx_hal_i2c.o
#        C:\Users\Yobart\Documents\GitHub\Projekt\WiLCD\Prototyp\EWARM\Prototyp\Obj\stm32f3xx_hal_i2c_ex.o
#        C:\Users\Yobart\Documents\GitHub\Projekt\WiLCD\Prototyp\EWARM\Prototyp\Obj\stm32f3xx_hal_msp.o
#        C:\Users\Yobart\Documents\GitHub\Projekt\WiLCD\Prototyp\EWARM\Prototyp\Obj\stm32f3xx_hal_pwr.o
#        C:\Users\Yobart\Documents\GitHub\Projekt\WiLCD\Prototyp\EWARM\Prototyp\Obj\stm32f3xx_hal_pwr_ex.o
#        C:\Users\Yobart\Documents\GitHub\Projekt\WiLCD\Prototyp\EWARM\Prototyp\Obj\stm32f3xx_hal_rcc.o
#        C:\Users\Yobart\Documents\GitHub\Projekt\WiLCD\Prototyp\EWARM\Prototyp\Obj\stm32f3xx_hal_rcc_ex.o
#        C:\Users\Yobart\Documents\GitHub\Projekt\WiLCD\Prototyp\EWARM\Prototyp\Obj\stm32f3xx_hal_rtc.o
#        C:\Users\Yobart\Documents\GitHub\Projekt\WiLCD\Prototyp\EWARM\Prototyp\Obj\stm32f3xx_hal_rtc_ex.o
#        C:\Users\Yobart\Documents\GitHub\Projekt\WiLCD\Prototyp\EWARM\Prototyp\Obj\stm32f3xx_hal_tim.o
#        C:\Users\Yobart\Documents\GitHub\Projekt\WiLCD\Prototyp\EWARM\Prototyp\Obj\stm32f3xx_hal_tim_ex.o
#        C:\Users\Yobart\Documents\GitHub\Projekt\WiLCD\Prototyp\EWARM\Prototyp\Obj\stm32f3xx_hal_uart.o
#        C:\Users\Yobart\Documents\GitHub\Projekt\WiLCD\Prototyp\EWARM\Prototyp\Obj\stm32f3xx_hal_uart_ex.o
#        C:\Users\Yobart\Documents\GitHub\Projekt\WiLCD\Prototyp\EWARM\Prototyp\Obj\stm32f3xx_it.o
#        C:\Users\Yobart\Documents\GitHub\Projekt\WiLCD\Prototyp\EWARM\Prototyp\Obj\system_stm32f3xx.o
#        C:\Users\Yobart\Documents\GitHub\Projekt\WiLCD\Prototyp\EWARM\Prototyp\Obj\usart.o
#        --redirect _Printf=_PrintfFull --redirect _Scanf=_ScanfFull -o
#        C:\Users\Yobart\Documents\GitHub\Projekt\WiLCD\Prototyp\EWARM\Prototyp\Exe\Prototyp.out
#        --map
#        C:\Users\Yobart\Documents\GitHub\Projekt\WiLCD\Prototyp\EWARM\Prototyp\List\Prototyp.map
#        --config
#        C:\Users\Yobart\Documents\GitHub\Projekt\WiLCD\Prototyp\EWARM/stm32f303xc_flash.icf
#        --semihosting --entry __iar_program_start --vfe
#
###############################################################################

*******************************************************************************
*** RUNTIME MODEL ATTRIBUTES
***

CppFlavor       = *
__SystemLibrary = DLib


*******************************************************************************
*** PLACEMENT SUMMARY
***

"A0":  place at 0x08000000 { ro section .intvec };
"P1":  place in [from 0x08000000 to 0x0803ffff] { ro };
"P2":  place in [from 0x20000000 to 0x20009fff] { rw, block CSTACK, block HEAP };
initialize by copy { rw };

  Section            Kind        Address    Size  Object
  -------            ----        -------    ----  ------
"A0":                                      0x188
  .intvec            ro code  0x08000000   0x188  startup_stm32f303xc.o [1]
                            - 0x08000188   0x188

"P1":                                     0x1af5
  .text              ro code  0x08000188   0x7b4  stm32f3xx_hal_uart.o [1]
  .text              ro code  0x0800093c    0x88  usart.o [1]
  .text              ro code  0x080009c4     0x2  stm32f3xx_hal_uart_ex.o [1]
  .text              ro code  0x080009c6     0x2  stm32f3xx_hal_uart.o [1]
  .text              ro code  0x080009c8   0x4a8  stm32f3xx_hal_rcc.o [1]
  .text              ro code  0x08000e70     0xc  stm32f3xx_hal.o [1]
  .text              ro code  0x08000e7c   0x126  main.o [1]
  .text              ro code  0x08000fa4   0x19c  stm32f3xx_hal_gpio.o [1]
  .text              ro code  0x08001140    0x28  stm32f3xx_hal.o [1]
  .text              ro code  0x08001168    0x24  stm32f3xx_hal.o [1]
  .text              ro code  0x0800118c    0xd8  gpio.o [1]
  .text              ro code  0x08001264    0x98  i2c.o [1]
  .text              ro code  0x080012fc    0x48  rtc.o [1]
  .text              ro code  0x08001344    0xf8  func.o [1]
  .text              ro code  0x0800143c   0x1b8  stm32f3xx_hal_rcc_ex.o [1]
  .text              ro code  0x080015f4    0xc6  stm32f3xx_hal_cortex.o [1]
  .text              ro code  0x080016bc    0x78  stm32f3xx_hal_msp.o [1]
  .text              ro code  0x08001734    0xa8  stm32f3xx_hal_i2c.o [1]
  .text              ro code  0x080017dc    0x56  stm32f3xx_hal_i2c_ex.o [1]
  .text              ro code  0x08001834    0xd4  stm32f3xx_hal_rtc.o [1]
  .text              ro code  0x08001908    0x18  stm32f3xx_hal.o [1]
  .text              ro code  0x08001920    0x7c  system_stm32f3xx.o [1]
  .text              ro code  0x0800199c    0x40  zero_init3.o [5]
  .text              ro code  0x080019dc    0x38  packbits_init_single.o [5]
  .text              ro code  0x08001a14    0x28  data_init.o [5]
  .text              ro code  0x08001a3c    0x22  fpinit_M.o [4]
  .iar.init_table    const    0x08001a60    0x20  - Linker created -
  .text              ro code  0x08001a80    0x1a  cmain.o [5]
  .text              ro code  0x08001a9a     0x4  low_level_init.o [3]
  .text              ro code  0x08001a9e     0x4  exit.o [3]
  .text              ro code  0x08001aa4     0xa  cexit.o [5]
  .text              ro code  0x08001ab0    0x14  exit.o [6]
  .text              ro code  0x08001ac4    0x18  stm32f3xx_it.o [1]
  .text              ro code  0x08001adc    0x10  stm32f3xx_hal.o [1]
  .text              ro code  0x08001aec    0x10  startup_stm32f303xc.o [1]
  .text              ro code  0x08001afc     0xc  cstartup_M.o [5]
  .rodata            const    0x08001b08     0x8  system_stm32f3xx.o [1]
  .text              ro code  0x08001b10     0x4  startup_stm32f303xc.o [1]
  .text              ro code  0x08001b14     0x4  startup_stm32f303xc.o [1]
  .text              ro code  0x08001b18     0x4  startup_stm32f303xc.o [1]
  .text              ro code  0x08001b1c     0x4  startup_stm32f303xc.o [1]
  .text              ro code  0x08001b20     0x4  startup_stm32f303xc.o [1]
  .text              ro code  0x08001b24     0x4  startup_stm32f303xc.o [1]
  .text              ro code  0x08001b28     0x4  startup_stm32f303xc.o [1]
  .text              ro code  0x08001b2c     0x4  startup_stm32f303xc.o [1]
  .text              ro code  0x08001b30     0x4  startup_stm32f303xc.o [1]
  .text              ro code  0x08001b34     0x4  startup_stm32f303xc.o [1]
  .text              ro code  0x08001b38     0x4  startup_stm32f303xc.o [1]
  .text              ro code  0x08001b3c     0x4  startup_stm32f303xc.o [1]
  .text              ro code  0x08001b40     0x4  startup_stm32f303xc.o [1]
  .text              ro code  0x08001b44     0x4  startup_stm32f303xc.o [1]
  .text              ro code  0x08001b48     0x4  startup_stm32f303xc.o [1]
  .text              ro code  0x08001b4c     0x4  startup_stm32f303xc.o [1]
  .text              ro code  0x08001b50     0x4  startup_stm32f303xc.o [1]
  .text              ro code  0x08001b54     0x4  startup_stm32f303xc.o [1]
  .text              ro code  0x08001b58     0x4  startup_stm32f303xc.o [1]
  .text              ro code  0x08001b5c     0x4  startup_stm32f303xc.o [1]
  .text              ro code  0x08001b60     0x4  startup_stm32f303xc.o [1]
  .text              ro code  0x08001b64     0x4  startup_stm32f303xc.o [1]
  .text              ro code  0x08001b68     0x4  startup_stm32f303xc.o [1]
  .text              ro code  0x08001b6c     0x4  startup_stm32f303xc.o [1]
  .text              ro code  0x08001b70     0x4  startup_stm32f303xc.o [1]
  .text              ro code  0x08001b74     0x4  startup_stm32f303xc.o [1]
  .text              ro code  0x08001b78     0x4  startup_stm32f303xc.o [1]
  .text              ro code  0x08001b7c     0x4  startup_stm32f303xc.o [1]
  .text              ro code  0x08001b80     0x4  startup_stm32f303xc.o [1]
  .text              ro code  0x08001b84     0x4  startup_stm32f303xc.o [1]
  .text              ro code  0x08001b88     0x4  startup_stm32f303xc.o [1]
  .text              ro code  0x08001b8c     0x4  startup_stm32f303xc.o [1]
  .text              ro code  0x08001b90     0x4  startup_stm32f303xc.o [1]
  .text              ro code  0x08001b94     0x4  startup_stm32f303xc.o [1]
  .text              ro code  0x08001b98     0x4  startup_stm32f303xc.o [1]
  .text              ro code  0x08001b9c     0x4  startup_stm32f303xc.o [1]
  .text              ro code  0x08001ba0     0x4  startup_stm32f303xc.o [1]
  .text              ro code  0x08001ba4     0x4  startup_stm32f303xc.o [1]
  .text              ro code  0x08001ba8     0x4  startup_stm32f303xc.o [1]
  .text              ro code  0x08001bac     0x4  startup_stm32f303xc.o [1]
  .text              ro code  0x08001bb0     0x4  startup_stm32f303xc.o [1]
  .text              ro code  0x08001bb4     0x4  startup_stm32f303xc.o [1]
  .text              ro code  0x08001bb8     0x4  startup_stm32f303xc.o [1]
  .text              ro code  0x08001bbc     0x4  startup_stm32f303xc.o [1]
  .text              ro code  0x08001bc0     0x4  startup_stm32f303xc.o [1]
  .text              ro code  0x08001bc4     0x4  startup_stm32f303xc.o [1]
  .text              ro code  0x08001bc8     0x4  startup_stm32f303xc.o [1]
  .text              ro code  0x08001bcc     0x4  startup_stm32f303xc.o [1]
  .text              ro code  0x08001bd0     0x4  startup_stm32f303xc.o [1]
  .text              ro code  0x08001bd4     0x4  startup_stm32f303xc.o [1]
  .text              ro code  0x08001bd8     0x4  startup_stm32f303xc.o [1]
  .text              ro code  0x08001bdc     0x4  startup_stm32f303xc.o [1]
  .text              ro code  0x08001be0     0x4  startup_stm32f303xc.o [1]
  .text              ro code  0x08001be4     0x4  startup_stm32f303xc.o [1]
  .text              ro code  0x08001be8     0x4  startup_stm32f303xc.o [1]
  .text              ro code  0x08001bec     0x4  startup_stm32f303xc.o [1]
  .text              ro code  0x08001bf0     0x4  startup_stm32f303xc.o [1]
  .text              ro code  0x08001bf4     0x4  startup_stm32f303xc.o [1]
  .text              ro code  0x08001bf8     0x4  startup_stm32f303xc.o [1]
  .text              ro code  0x08001bfc     0x4  startup_stm32f303xc.o [1]
  .text              ro code  0x08001c00     0x4  startup_stm32f303xc.o [1]
  .text              ro code  0x08001c04     0x4  startup_stm32f303xc.o [1]
  .text              ro code  0x08001c08     0x4  startup_stm32f303xc.o [1]
  .text              ro code  0x08001c0c     0x4  startup_stm32f303xc.o [1]
  .text              ro code  0x08001c10     0x4  startup_stm32f303xc.o [1]
  .text              ro code  0x08001c14     0x4  startup_stm32f303xc.o [1]
  .text              ro code  0x08001c18     0x4  startup_stm32f303xc.o [1]
  .text              ro code  0x08001c1c     0x4  startup_stm32f303xc.o [1]
  .text              ro code  0x08001c20     0x4  startup_stm32f303xc.o [1]
  .text              ro code  0x08001c24     0x4  startup_stm32f303xc.o [1]
  .text              ro code  0x08001c28     0x4  startup_stm32f303xc.o [1]
  .text              ro code  0x08001c2c     0x4  startup_stm32f303xc.o [1]
  .text              ro code  0x08001c30     0x4  startup_stm32f303xc.o [1]
  .rodata            const    0x08001c34     0x0  zero_init3.o [5]
  .rodata            const    0x08001c34     0x0  packbits_init_single.o [5]
  Initializer bytes  const    0x08001c34    0x49  <for P2-1>
                            - 0x08001c7d  0x1af5

"P2", part 1 of 3:                          0x98
  P2-1                        0x20000000    0x98  <Init block>
    .data            inited   0x20000000    0x78  i2c.o [1]
    .data            inited   0x20000078    0x1c  main.o [1]
    .data            inited   0x20000094     0x4  system_stm32f3xx.o [1]
                            - 0x20000098    0x98

"P2", part 2 of 3:                         0x400
  CSTACK                      0x20000098   0x400  <Block>
    CSTACK           uninit   0x20000098   0x400  <Block tail>
                            - 0x20000498   0x400

"P2", part 3 of 3:                          0x94
  .bss               zero     0x20000498    0x70  usart.o [1]
  .bss               zero     0x20000508    0x20  rtc.o [1]
  .bss               zero     0x20000528     0x4  stm32f3xx_hal.o [1]
                            - 0x2000052c    0x94


*******************************************************************************
*** INIT TABLE
***

          Address     Size
          -------     ----
Zero (__iar_zero_init3)
    1 destination range, total size 0x94:
          0x20000498  0x94

Copy/packbits (__iar_packbits_init_single3)
    1 source range, total size 0x49 (48% of destination):
          0x08001c34  0x49
    1 destination range, total size 0x98:
          0x20000000  0x98



*******************************************************************************
*** MODULE SUMMARY
***

    Module                   ro code  ro data  rw data
    ------                   -------  -------  -------
C:\Users\Yobart\Documents\GitHub\Projekt\WiLCD\Prototyp\EWARM\Prototyp\Obj: [1]
    func.o                       248
    gpio.o                       216
    i2c.o                        152       57      120
    main.o                       294       14       28
    rtc.o                         72                32
    startup_stm32f303xc.o        700
    stm32f3xx_hal.o              128                 4
    stm32f3xx_hal_cortex.o       198
    stm32f3xx_hal_gpio.o         412
    stm32f3xx_hal_i2c.o          168
    stm32f3xx_hal_i2c_ex.o        86
    stm32f3xx_hal_msp.o          120
    stm32f3xx_hal_rcc.o        1 192
    stm32f3xx_hal_rcc_ex.o       440
    stm32f3xx_hal_rtc.o          212
    stm32f3xx_hal_uart.o       1 974
    stm32f3xx_hal_uart_ex.o        2
    stm32f3xx_it.o                24
    system_stm32f3xx.o           124       10        4
    usart.o                      136               112
    --------------------------------------------------
    Total:                     6 898       81      300

command line: [2]
    --------------------------------------------------
    Total:

dl7M_tlf.a: [3]
    exit.o                         4
    low_level_init.o               4
    --------------------------------------------------
    Total:                         8

m7M_tls.a: [4]
    fpinit_M.o                    34
    --------------------------------------------------
    Total:                        34

rt7M_tl.a: [5]
    cexit.o                       10
    cmain.o                       26
    cstartup_M.o                  12
    data_init.o                   40
    packbits_init_single.o        56
    zero_init3.o                  64
    --------------------------------------------------
    Total:                       208

shb_l.a: [6]
    exit.o                        20
    --------------------------------------------------
    Total:                        20

    Gaps                          10        2
    Linker created                         32    1 024
------------------------------------------------------
    Grand Total:               7 178      115    1 324


*******************************************************************************
*** ENTRY LIST
***

Entry                      Address   Size  Type      Object
-----                      -------   ----  ----      ------
.iar.init_table$$Base   0x08001a60          --   Gb  - Linker created -
.iar.init_table$$Limit  0x08001a80          --   Gb  - Linker created -
?main                   0x08001a81         Code  Gb  cmain.o [5]
AHBPrescTable           0x0800198c   0x10  Data  Gb  system_stm32f3xx.o [1]
APBPrescTable           0x08001b08    0x8  Data  Gb  system_stm32f3xx.o [1]
Blink                   0x08001345   0xe4  Code  Gb  func.o [1]
Buffer                  0x2000007c   0x18  Data  Gb  main.o [1]
CSTACK$$Base            0x20000098          --   Gb  - Linker created -
CSTACK$$Limit           0x20000498          --   Gb  - Linker created -
Error_Handler           0x08000fa1    0x2  Code  Gb  main.o [1]
HAL_Delay               0x08001909   0x18  Code  Wk  stm32f3xx_hal.o [1]
HAL_GPIO_Init           0x08000fa5  0x16c  Code  Gb  stm32f3xx_hal_gpio.o [1]
HAL_GPIO_WritePin       0x0800111b    0xa  Code  Gb  stm32f3xx_hal_gpio.o [1]
HAL_GetTick             0x08000e71    0xc  Code  Wk  stm32f3xx_hal.o [1]
HAL_I2CEx_ConfigAnalogFilter
                        0x080017dd   0x28  Code  Gb  stm32f3xx_hal_i2c_ex.o [1]
HAL_I2C_Init            0x08001735   0x98  Code  Gb  stm32f3xx_hal_i2c.o [1]
HAL_I2C_MspInit         0x080012a5   0x42  Code  Gb  i2c.o [1]
HAL_IncTick             0x08001add   0x10  Code  Wk  stm32f3xx_hal.o [1]
HAL_Init                0x08001169   0x20  Code  Gb  stm32f3xx_hal.o [1]
HAL_InitTick            0x08001141   0x28  Code  Wk  stm32f3xx_hal.o [1]
HAL_MspInit             0x080016bd   0x78  Code  Gb  stm32f3xx_hal_msp.o [1]
HAL_NVIC_SetPriority    0x08001629   0x3a  Code  Gb  stm32f3xx_hal_cortex.o [1]
HAL_NVIC_SetPriorityGrouping
                        0x0800160f   0x1a  Code  Gb  stm32f3xx_hal_cortex.o [1]
HAL_RCCEx_PeriphCLKConfig
                        0x0800143d  0x1aa  Code  Gb  stm32f3xx_hal_rcc_ex.o [1]
HAL_RCC_ClockConfig     0x08000c9b  0x112  Code  Gb  stm32f3xx_hal_rcc.o [1]
HAL_RCC_GetHCLKFreq     0x08000dfb    0x6  Code  Gb  stm32f3xx_hal_rcc.o [1]
HAL_RCC_GetPCLK1Freq    0x08000e01   0x10  Code  Gb  stm32f3xx_hal_rcc.o [1]
HAL_RCC_GetPCLK2Freq    0x08000e11    0xe  Code  Gb  stm32f3xx_hal_rcc.o [1]
HAL_RCC_GetSysClockFreq
                        0x08000dc1   0x3a  Code  Gb  stm32f3xx_hal_rcc.o [1]
HAL_RCC_OscConfig       0x080009c9  0x2c0  Code  Gb  stm32f3xx_hal_rcc.o [1]
HAL_RTC_Init            0x08001835   0x7e  Code  Gb  stm32f3xx_hal_rtc.o [1]
HAL_RTC_MspInit         0x08001329   0x10  Code  Gb  rtc.o [1]
HAL_SYSTICK_CLKSourceConfig
                        0x0800168b   0x14  Code  Gb  stm32f3xx_hal_cortex.o [1]
HAL_SYSTICK_Callback    0x080016b9    0x2  Code  Wk  stm32f3xx_hal_cortex.o [1]
HAL_SYSTICK_Config      0x08001663   0x28  Code  Gb  stm32f3xx_hal_cortex.o [1]
HAL_SYSTICK_IRQHandler  0x080016b5    0x4  Code  Gb  stm32f3xx_hal_cortex.o [1]
HAL_UARTEx_WakeupCallback
                        0x080009c5    0x2  Code  Wk  stm32f3xx_hal_uart_ex.o [1]
HAL_UART_ErrorCallback  0x080009c7    0x2  Code  Wk  stm32f3xx_hal_uart.o [1]
HAL_UART_IRQHandler     0x080003f3   0xe2  Code  Gb  stm32f3xx_hal_uart.o [1]
HAL_UART_Init           0x08000189   0x30  Code  Gb  stm32f3xx_hal_uart.o [1]
HAL_UART_MspInit        0x08000971   0x42  Code  Gb  usart.o [1]
HAL_UART_Receive        0x0800028b   0xa8  Code  Gb  stm32f3xx_hal_uart.o [1]
HAL_UART_Receive_IT     0x08000377   0x76  Code  Gb  stm32f3xx_hal_uart.o [1]
HAL_UART_RxCpltCallback
                        0x08000e7f    0x2  Code  Gb  main.o [1]
HAL_UART_Transmit       0x08000203   0x88  Code  Gb  stm32f3xx_hal_uart.o [1]
HAL_UART_Transmit_IT    0x08000337   0x40  Code  Gb  stm32f3xx_hal_uart.o [1]
HAL_UART_TxCpltCallback
                        0x08000e7d    0x2  Code  Gb  main.o [1]
MX_GPIO_Init            0x0800118d   0xc4  Code  Gb  gpio.o [1]
MX_I2C1_Init            0x08001265   0x40  Code  Gb  i2c.o [1]
MX_RTC_Init             0x080012fd   0x2c  Code  Gb  rtc.o [1]
MX_USART1_UART_Init     0x0800093d   0x34  Code  Gb  usart.o [1]
NVIC_SetPriority        0x080015f5   0x1a  Code  Lc  stm32f3xx_hal_cortex.o [1]
RTC_EnterInitMode       0x080018d5   0x34  Code  Gb  stm32f3xx_hal_rtc.o [1]
Region$$Table$$Base     0x08001a60          --   Gb  - Linker created -
Region$$Table$$Limit    0x08001a80          --   Gb  - Linker created -
SysTick_Handler         0x08001ac5    0xe  Code  Gb  stm32f3xx_it.o [1]
SystemClock_Config      0x08000f03   0x92  Code  Gb  main.o [1]
SystemCoreClock         0x20000094    0x4  Data  Gb  system_stm32f3xx.o [1]
SystemInit              0x08001921   0x52  Code  Gb  system_stm32f3xx.o [1]
Tecken                  0x20000079    0x1  Data  Gb  main.o [1]
UART_AdvFeatureConfig   0x0800069d   0xc6  Code  Gb  stm32f3xx_hal_uart.o [1]
UART_CheckIdleState     0x08000763   0x46  Code  Gb  stm32f3xx_hal_uart.o [1]
UART_EndTransmit_IT     0x080008a5   0x1a  Code  Gb  stm32f3xx_hal_uart.o [1]
UART_Receive_IT         0x080008bf   0x7e  Code  Gb  stm32f3xx_hal_uart.o [1]
UART_SetConfig          0x080004d5  0x1ac  Code  Gb  stm32f3xx_hal_uart.o [1]
UART_Transmit_IT        0x08000845   0x60  Code  Gb  stm32f3xx_hal_uart.o [1]
UART_WaitOnFlagUntilTimeout
                        0x080007b5   0x90  Code  Gb  stm32f3xx_hal_uart.o [1]
USART3_IRQHandler       0x08001ad3    0x6  Code  Gb  stm32f3xx_it.o [1]
UartReady               0x20000078    0x1  Data  Gb  main.o [1]
__cmain                 0x08001a81         Code  Gb  cmain.o [5]
__exit                  0x08001ab1   0x14  Code  Gb  exit.o [6]
__iar_data_init3        0x08001a15   0x28  Code  Gb  data_init.o [5]
__iar_init_vfp          0x08001a3d         Code  Gb  fpinit_M.o [4]
__iar_packbits_init_single3
                        0x080019dd   0x38  Code  Gb  packbits_init_single.o [5]
__iar_program_start     0x08001afd         Code  Gb  cstartup_M.o [5]
__iar_zero_init3        0x0800199d   0x40  Code  Gb  zero_init3.o [5]
__low_level_init        0x08001a9b    0x4  Code  Gb  low_level_init.o [3]
__vector_table          0x08000000         Data  Gb  startup_stm32f303xc.o [1]
_call_main              0x08001a8d         Code  Gb  cmain.o [5]
_exit                   0x08001aa5         Code  Gb  cexit.o [5]
_main                   0x08001a97         Code  Gb  cmain.o [5]
aPLLMULFactorTable      0x08000e50   0x10  Data  Gb  stm32f3xx_hal_rcc.o [1]
aPredivFactorTable      0x08000e60   0x10  Data  Gb  stm32f3xx_hal_rcc.o [1]
address                 0x20000000    0x1  Data  Gb  i2c.o [1]
displayInitSequence     0x20000054   0x24  Data  Gb  i2c.o [1]
displayMessage          0x20000050    0x2  Data  Gb  i2c.o [1]
exit                    0x08001a9f    0x4  Code  Gb  exit.o [3]
hi2c1                   0x20000004   0x4c  Data  Gb  i2c.o [1]
hrtc                    0x20000508   0x20  Data  Gb  rtc.o [1]
huart1                  0x20000498   0x70  Data  Gb  usart.o [1]
main                    0x08000e89   0x62  Code  Gb  main.o [1]
uwTick                  0x20000528    0x4  Data  Gb  stm32f3xx_hal.o [1]


[1] = C:\Users\Yobart\Documents\GitHub\Projekt\WiLCD\Prototyp\EWARM\Prototyp\Obj
[2] = command line
[3] = dl7M_tlf.a
[4] = m7M_tls.a
[5] = rt7M_tl.a
[6] = shb_l.a

  7 178 bytes of readonly  code memory
    115 bytes of readonly  data memory
  1 324 bytes of readwrite data memory

Errors: none
Warnings: none
