###############################################################################
#
# IAR ELF Linker V7.80.3.12102/W32 for ARM                06/Apr/2017  16:46:37
# Copyright 2007-2016 IAR Systems AB.
#
#    Output file  =  
#        C:\Users\Yobart\Documents\GitHub\Projekt\WiLCD\Prototyp\ProtoTest\Debug\Exe\ProtoTest.out
#    Map file     =  
#        C:\Users\Yobart\Documents\GitHub\Projekt\WiLCD\Prototyp\ProtoTest\Debug\List\ProtoTest.map
#    Command line =  
#        C:\Users\Yobart\Documents\GitHub\Projekt\WiLCD\Prototyp\ProtoTest\Debug\Obj\func.o
#        C:\Users\Yobart\Documents\GitHub\Projekt\WiLCD\Prototyp\ProtoTest\Debug\Obj\gpio.o
#        C:\Users\Yobart\Documents\GitHub\Projekt\WiLCD\Prototyp\ProtoTest\Debug\Obj\i2c.o
#        C:\Users\Yobart\Documents\GitHub\Projekt\WiLCD\Prototyp\ProtoTest\Debug\Obj\main.o
#        C:\Users\Yobart\Documents\GitHub\Projekt\WiLCD\Prototyp\ProtoTest\Debug\Obj\rtc.o
#        C:\Users\Yobart\Documents\GitHub\Projekt\WiLCD\Prototyp\ProtoTest\Debug\Obj\startup_stm32f303xc.o
#        C:\Users\Yobart\Documents\GitHub\Projekt\WiLCD\Prototyp\ProtoTest\Debug\Obj\stm32f3xx_hal.o
#        C:\Users\Yobart\Documents\GitHub\Projekt\WiLCD\Prototyp\ProtoTest\Debug\Obj\stm32f3xx_hal_cortex.o
#        C:\Users\Yobart\Documents\GitHub\Projekt\WiLCD\Prototyp\ProtoTest\Debug\Obj\stm32f3xx_hal_dma.o
#        C:\Users\Yobart\Documents\GitHub\Projekt\WiLCD\Prototyp\ProtoTest\Debug\Obj\stm32f3xx_hal_flash.o
#        C:\Users\Yobart\Documents\GitHub\Projekt\WiLCD\Prototyp\ProtoTest\Debug\Obj\stm32f3xx_hal_flash_ex.o
#        C:\Users\Yobart\Documents\GitHub\Projekt\WiLCD\Prototyp\ProtoTest\Debug\Obj\stm32f3xx_hal_gpio.o
#        C:\Users\Yobart\Documents\GitHub\Projekt\WiLCD\Prototyp\ProtoTest\Debug\Obj\stm32f3xx_hal_i2c.o
#        C:\Users\Yobart\Documents\GitHub\Projekt\WiLCD\Prototyp\ProtoTest\Debug\Obj\stm32f3xx_hal_i2c_ex.o
#        C:\Users\Yobart\Documents\GitHub\Projekt\WiLCD\Prototyp\ProtoTest\Debug\Obj\stm32f3xx_hal_msp.o
#        C:\Users\Yobart\Documents\GitHub\Projekt\WiLCD\Prototyp\ProtoTest\Debug\Obj\stm32f3xx_hal_pwr.o
#        C:\Users\Yobart\Documents\GitHub\Projekt\WiLCD\Prototyp\ProtoTest\Debug\Obj\stm32f3xx_hal_pwr_ex.o
#        C:\Users\Yobart\Documents\GitHub\Projekt\WiLCD\Prototyp\ProtoTest\Debug\Obj\stm32f3xx_hal_rcc.o
#        C:\Users\Yobart\Documents\GitHub\Projekt\WiLCD\Prototyp\ProtoTest\Debug\Obj\stm32f3xx_hal_rcc_ex.o
#        C:\Users\Yobart\Documents\GitHub\Projekt\WiLCD\Prototyp\ProtoTest\Debug\Obj\stm32f3xx_hal_rtc.o
#        C:\Users\Yobart\Documents\GitHub\Projekt\WiLCD\Prototyp\ProtoTest\Debug\Obj\stm32f3xx_hal_rtc_ex.o
#        C:\Users\Yobart\Documents\GitHub\Projekt\WiLCD\Prototyp\ProtoTest\Debug\Obj\stm32f3xx_hal_tim.o
#        C:\Users\Yobart\Documents\GitHub\Projekt\WiLCD\Prototyp\ProtoTest\Debug\Obj\stm32f3xx_hal_tim_ex.o
#        C:\Users\Yobart\Documents\GitHub\Projekt\WiLCD\Prototyp\ProtoTest\Debug\Obj\stm32f3xx_hal_uart.o
#        C:\Users\Yobart\Documents\GitHub\Projekt\WiLCD\Prototyp\ProtoTest\Debug\Obj\stm32f3xx_hal_uart_ex.o
#        C:\Users\Yobart\Documents\GitHub\Projekt\WiLCD\Prototyp\ProtoTest\Debug\Obj\stm32f3xx_it.o
#        C:\Users\Yobart\Documents\GitHub\Projekt\WiLCD\Prototyp\ProtoTest\Debug\Obj\system_stm32f3xx.o
#        C:\Users\Yobart\Documents\GitHub\Projekt\WiLCD\Prototyp\ProtoTest\Debug\Obj\usart.o
#        -o
#        C:\Users\Yobart\Documents\GitHub\Projekt\WiLCD\Prototyp\ProtoTest\Debug\Exe\ProtoTest.out
#        --map
#        C:\Users\Yobart\Documents\GitHub\Projekt\WiLCD\Prototyp\ProtoTest\Debug\List\ProtoTest.map
#        --config
#        C:\Users\Yobart\Documents\GitHub\Projekt\WiLCD\Prototyp\ProtoTest\stm32f303xc_flash.icf
#        --semihosting --entry __iar_program_start --vfe
#
###############################################################################

*******************************************************************************
*** RUNTIME MODEL ATTRIBUTES
***

CppFlavor       = *
__SystemLibrary = DLib


*******************************************************************************
*** PLACEMENT SUMMARY
***

"A0":  place at 0x08000000 { ro section .intvec };
"P1":  place in [from 0x08000000 to 0x0803ffff] { ro };
"P2":  place in [from 0x20000000 to 0x20009fff] { rw, block CSTACK, block HEAP };
initialize by copy { rw };

  Section            Kind        Address    Size  Object
  -------            ----        -------    ----  ------
"A0":                                      0x188
  .intvec            ro code  0x08000000   0x188  startup_stm32f303xc.o [1]
                            - 0x08000188   0x188

"P1":                                     0x1ac0
  .text              ro code  0x08000188   0x8ae  stm32f3xx_hal_uart.o [1]
  .text              ro code  0x08000a38    0x98  usart.o [1]
  .text              ro code  0x08000ad0     0xc  stm32f3xx_hal.o [1]
  .text              ro code  0x08000adc     0x2  stm32f3xx_hal_uart_ex.o [1]
  .text              ro code  0x08000ae0   0x17c  main.o [1]
  .text              ro code  0x08000c5c     0x2  stm32f3xx_hal_uart.o [1]
  .text              ro code  0x08000c60   0x4d8  stm32f3xx_hal_rcc.o [1]
  .text              ro code  0x08001138   0x198  stm32f3xx_hal_gpio.o [1]
  .text              ro code  0x080012d0    0xda  stm32f3xx_hal_cortex.o [1]
  .text              ro code  0x080013ac    0x76  ABImemcpy_unaligned.o [5]
  .text              ro code  0x08001424    0x24  stm32f3xx_hal.o [1]
  .text              ro code  0x08001448   0x10c  gpio.o [1]
  .text              ro code  0x08001554    0x36  strlen.o [5]
  .text              ro code  0x0800158c   0x134  func.o [1]
  .text              ro code  0x080016c0   0x1bc  stm32f3xx_hal_rcc_ex.o [1]
  .text              ro code  0x0800187c    0x2c  stm32f3xx_hal.o [1]
  .text              ro code  0x080018a8    0x78  stm32f3xx_hal_msp.o [1]
  .text              ro code  0x08001920    0x18  stm32f3xx_hal.o [1]
  .text              ro code  0x08001938    0x7c  system_stm32f3xx.o [1]
  .text              ro code  0x080019b4    0x40  zero_init3.o [5]
  .text              ro code  0x080019f4    0x2c  copy_init3.o [5]
  .text              ro code  0x08001a20    0x28  data_init.o [5]
  .text              ro code  0x08001a48    0x22  fpinit_M.o [4]
  .iar.init_table    const    0x08001a6c    0x24  - Linker created -
  .text              ro code  0x08001a90    0x1a  cmain.o [5]
  .text              ro code  0x08001aaa     0x4  low_level_init.o [3]
  .text              ro code  0x08001aae     0x4  exit.o [3]
  .text              ro code  0x08001ab4     0xa  cexit.o [5]
  .text              ro code  0x08001ac0    0x14  exit.o [6]
  .text              ro code  0x08001ad4    0x18  stm32f3xx_it.o [1]
  .text              ro code  0x08001aec    0x10  stm32f3xx_hal.o [1]
  .text              ro code  0x08001afc    0x10  startup_stm32f303xc.o [1]
  .text              ro code  0x08001b0c     0xc  cstartup_M.o [5]
  .rodata            const    0x08001b18     0x8  system_stm32f3xx.o [1]
  .text              ro code  0x08001b20     0x4  startup_stm32f303xc.o [1]
  .text              ro code  0x08001b24     0x4  startup_stm32f303xc.o [1]
  .text              ro code  0x08001b28     0x4  startup_stm32f303xc.o [1]
  .text              ro code  0x08001b2c     0x4  startup_stm32f303xc.o [1]
  .text              ro code  0x08001b30     0x4  startup_stm32f303xc.o [1]
  .text              ro code  0x08001b34     0x4  startup_stm32f303xc.o [1]
  .text              ro code  0x08001b38     0x4  startup_stm32f303xc.o [1]
  .text              ro code  0x08001b3c     0x4  startup_stm32f303xc.o [1]
  .text              ro code  0x08001b40     0x4  startup_stm32f303xc.o [1]
  .text              ro code  0x08001b44     0x4  startup_stm32f303xc.o [1]
  .text              ro code  0x08001b48     0x4  startup_stm32f303xc.o [1]
  .text              ro code  0x08001b4c     0x4  startup_stm32f303xc.o [1]
  .text              ro code  0x08001b50     0x4  startup_stm32f303xc.o [1]
  .text              ro code  0x08001b54     0x4  startup_stm32f303xc.o [1]
  .text              ro code  0x08001b58     0x4  startup_stm32f303xc.o [1]
  .text              ro code  0x08001b5c     0x4  startup_stm32f303xc.o [1]
  .text              ro code  0x08001b60     0x4  startup_stm32f303xc.o [1]
  .text              ro code  0x08001b64     0x4  startup_stm32f303xc.o [1]
  .text              ro code  0x08001b68     0x4  startup_stm32f303xc.o [1]
  .text              ro code  0x08001b6c     0x4  startup_stm32f303xc.o [1]
  .text              ro code  0x08001b70     0x4  startup_stm32f303xc.o [1]
  .text              ro code  0x08001b74     0x4  startup_stm32f303xc.o [1]
  .text              ro code  0x08001b78     0x4  startup_stm32f303xc.o [1]
  .text              ro code  0x08001b7c     0x4  startup_stm32f303xc.o [1]
  .text              ro code  0x08001b80     0x4  startup_stm32f303xc.o [1]
  .text              ro code  0x08001b84     0x4  startup_stm32f303xc.o [1]
  .text              ro code  0x08001b88     0x4  startup_stm32f303xc.o [1]
  .text              ro code  0x08001b8c     0x4  startup_stm32f303xc.o [1]
  .text              ro code  0x08001b90     0x4  startup_stm32f303xc.o [1]
  .text              ro code  0x08001b94     0x4  startup_stm32f303xc.o [1]
  .text              ro code  0x08001b98     0x4  startup_stm32f303xc.o [1]
  .text              ro code  0x08001b9c     0x4  startup_stm32f303xc.o [1]
  .text              ro code  0x08001ba0     0x4  startup_stm32f303xc.o [1]
  .text              ro code  0x08001ba4     0x4  startup_stm32f303xc.o [1]
  .text              ro code  0x08001ba8     0x4  startup_stm32f303xc.o [1]
  .text              ro code  0x08001bac     0x4  startup_stm32f303xc.o [1]
  .text              ro code  0x08001bb0     0x4  startup_stm32f303xc.o [1]
  .text              ro code  0x08001bb4     0x4  startup_stm32f303xc.o [1]
  .text              ro code  0x08001bb8     0x4  startup_stm32f303xc.o [1]
  .text              ro code  0x08001bbc     0x4  startup_stm32f303xc.o [1]
  .text              ro code  0x08001bc0     0x4  startup_stm32f303xc.o [1]
  .text              ro code  0x08001bc4     0x4  startup_stm32f303xc.o [1]
  .text              ro code  0x08001bc8     0x4  startup_stm32f303xc.o [1]
  .text              ro code  0x08001bcc     0x4  startup_stm32f303xc.o [1]
  .text              ro code  0x08001bd0     0x4  startup_stm32f303xc.o [1]
  .text              ro code  0x08001bd4     0x4  startup_stm32f303xc.o [1]
  .text              ro code  0x08001bd8     0x4  startup_stm32f303xc.o [1]
  .text              ro code  0x08001bdc     0x4  startup_stm32f303xc.o [1]
  .text              ro code  0x08001be0     0x4  startup_stm32f303xc.o [1]
  .text              ro code  0x08001be4     0x4  startup_stm32f303xc.o [1]
  .text              ro code  0x08001be8     0x4  startup_stm32f303xc.o [1]
  .text              ro code  0x08001bec     0x4  startup_stm32f303xc.o [1]
  .text              ro code  0x08001bf0     0x4  startup_stm32f303xc.o [1]
  .text              ro code  0x08001bf4     0x4  startup_stm32f303xc.o [1]
  .text              ro code  0x08001bf8     0x4  startup_stm32f303xc.o [1]
  .text              ro code  0x08001bfc     0x4  startup_stm32f303xc.o [1]
  .text              ro code  0x08001c00     0x4  startup_stm32f303xc.o [1]
  .text              ro code  0x08001c04     0x4  startup_stm32f303xc.o [1]
  .text              ro code  0x08001c08     0x4  startup_stm32f303xc.o [1]
  .text              ro code  0x08001c0c     0x4  startup_stm32f303xc.o [1]
  .text              ro code  0x08001c10     0x4  startup_stm32f303xc.o [1]
  .text              ro code  0x08001c14     0x4  startup_stm32f303xc.o [1]
  .text              ro code  0x08001c18     0x4  startup_stm32f303xc.o [1]
  .text              ro code  0x08001c1c     0x4  startup_stm32f303xc.o [1]
  .text              ro code  0x08001c20     0x4  startup_stm32f303xc.o [1]
  .text              ro code  0x08001c24     0x4  startup_stm32f303xc.o [1]
  .text              ro code  0x08001c28     0x4  startup_stm32f303xc.o [1]
  .text              ro code  0x08001c2c     0x4  startup_stm32f303xc.o [1]
  .text              ro code  0x08001c30     0x4  startup_stm32f303xc.o [1]
  .text              ro code  0x08001c34     0x4  startup_stm32f303xc.o [1]
  .text              ro code  0x08001c38     0x4  startup_stm32f303xc.o [1]
  .text              ro code  0x08001c3c     0x4  startup_stm32f303xc.o [1]
  .text              ro code  0x08001c40     0x4  startup_stm32f303xc.o [1]
  Initializer bytes  const    0x08001c44     0x4  <for P2-1>
  .rodata            const    0x08001c48     0x0  zero_init3.o [5]
  .rodata            const    0x08001c48     0x0  copy_init3.o [5]
                            - 0x08001c48  0x1ac0

"P2", part 1 of 3:                           0x4
  P2-1                        0x20000000     0x4  <Init block>
    .data            inited   0x20000000     0x4  system_stm32f3xx.o [1]
                            - 0x20000004     0x4

"P2", part 2 of 3:                         0x400
  CSTACK                      0x20000008   0x400  <Block>
    CSTACK           uninit   0x20000008   0x400  <Block tail>
                            - 0x20000408   0x400

"P2", part 3 of 3:                          0x78
  .bss               zero     0x20000408    0x70  usart.o [1]
  .bss               zero     0x20000478     0x4  stm32f3xx_hal.o [1]
  .bss               zero     0x2000047c     0x1  main.o [1]
                            - 0x2000047d    0x75


*******************************************************************************
*** INIT TABLE
***

          Address     Size
          -------     ----
Zero (__iar_zero_init3)
    1 destination range, total size 0x75:
          0x20000408  0x75

Copy (__iar_copy_init3)
    1 source range, total size 0x4:
          0x08001c44   0x4
    1 destination range, total size 0x4:
          0x20000000   0x4



*******************************************************************************
*** MODULE SUMMARY
***

    Module                   ro code  ro data  rw data
    ------                   -------  -------  -------
C:\Users\Yobart\Documents\GitHub\Projekt\WiLCD\Prototyp\ProtoTest\Debug\Obj: [1]
    func.o                       308
    gpio.o                       268
    main.o                       380                 1
    startup_stm32f303xc.o        700
    stm32f3xx_hal.o              132                 4
    stm32f3xx_hal_cortex.o       218
    stm32f3xx_hal_gpio.o         408
    stm32f3xx_hal_msp.o          120
    stm32f3xx_hal_rcc.o        1 240
    stm32f3xx_hal_rcc_ex.o       444
    stm32f3xx_hal_uart.o       2 224
    stm32f3xx_hal_uart_ex.o        2
    stm32f3xx_it.o                24
    system_stm32f3xx.o           124       12        4
    usart.o                      152               112
    --------------------------------------------------
    Total:                     6 744       12      121

command line: [2]
    --------------------------------------------------
    Total:

dl7M_tlf.a: [3]
    exit.o                         4
    low_level_init.o               4
    --------------------------------------------------
    Total:                         8

m7M_tls.a: [4]
    fpinit_M.o                    34
    --------------------------------------------------
    Total:                        34

rt7M_tl.a: [5]
    ABImemcpy_unaligned.o        118
    cexit.o                       10
    cmain.o                       26
    copy_init3.o                  44
    cstartup_M.o                  12
    data_init.o                   40
    strlen.o                      54
    zero_init3.o                  64
    --------------------------------------------------
    Total:                       368

shb_l.a: [6]
    exit.o                        20
    --------------------------------------------------
    Total:                        20

    Gaps                          16        2
    Linker created                         36    1 024
------------------------------------------------------
    Grand Total:               7 190       50    1 145


*******************************************************************************
*** ENTRY LIST
***

Entry                      Address   Size  Type      Object
-----                      -------   ----  ----      ------
.iar.init_table$$Base   0x08001a6c          --   Gb  - Linker created -
.iar.init_table$$Limit  0x08001a90          --   Gb  - Linker created -
?main                   0x08001a91         Code  Gb  cmain.o [5]
AHBPrescTable           0x080019a4   0x10  Data  Gb  system_stm32f3xx.o [1]
APBPrescTable           0x08001b18    0x8  Data  Gb  system_stm32f3xx.o [1]
Blink                   0x0800158d  0x134  Code  Gb  func.o [1]
CSTACK$$Base            0x20000008          --   Gb  - Linker created -
CSTACK$$Limit           0x20000408          --   Gb  - Linker created -
Error_Handler           0x08000c31    0x2  Code  Gb  main.o [1]
HAL_Delay               0x08001921   0x18  Code  Wk  stm32f3xx_hal.o [1]
HAL_GPIO_Init           0x08001139  0x172  Code  Gb  stm32f3xx_hal_gpio.o [1]
HAL_GPIO_WritePin       0x080012ab    0xa  Code  Gb  stm32f3xx_hal_gpio.o [1]
HAL_GetTick             0x08000ad1    0xc  Code  Wk  stm32f3xx_hal.o [1]
HAL_IncTick             0x08001aed   0x10  Code  Wk  stm32f3xx_hal.o [1]
HAL_Init                0x08001425   0x20  Code  Gb  stm32f3xx_hal.o [1]
HAL_InitTick            0x0800187d   0x2c  Code  Wk  stm32f3xx_hal.o [1]
HAL_MspInit             0x080018a9   0x78  Code  Gb  stm32f3xx_hal_msp.o [1]
HAL_NVIC_EnableIRQ      0x0800133d    0xc  Code  Gb  stm32f3xx_hal_cortex.o [1]
HAL_NVIC_SetPriority    0x080012eb   0x52  Code  Gb  stm32f3xx_hal_cortex.o [1]
HAL_NVIC_SetPriorityGrouping
                        0x080012d1   0x1a  Code  Gb  stm32f3xx_hal_cortex.o [1]
HAL_RCCEx_PeriphCLKConfig
                        0x080016c1  0x1ae  Code  Gb  stm32f3xx_hal_rcc_ex.o [1]
HAL_RCC_ClockConfig     0x08000f4f  0x13a  Code  Gb  stm32f3xx_hal_rcc.o [1]
HAL_RCC_GetHCLKFreq     0x080010c3    0x6  Code  Gb  stm32f3xx_hal_rcc.o [1]
HAL_RCC_GetPCLK1Freq    0x080010c9   0x10  Code  Gb  stm32f3xx_hal_rcc.o [1]
HAL_RCC_GetPCLK2Freq    0x080010d9    0xe  Code  Gb  stm32f3xx_hal_rcc.o [1]
HAL_RCC_GetSysClockFreq
                        0x08001089   0x3a  Code  Gb  stm32f3xx_hal_rcc.o [1]
HAL_RCC_OscConfig       0x08000c61  0x2ee  Code  Gb  stm32f3xx_hal_rcc.o [1]
HAL_SYSTICK_CLKSourceConfig
                        0x08001373   0x14  Code  Gb  stm32f3xx_hal_cortex.o [1]
HAL_SYSTICK_Callback    0x080013a9    0x2  Code  Wk  stm32f3xx_hal_cortex.o [1]
HAL_SYSTICK_Config      0x08001351   0x22  Code  Gb  stm32f3xx_hal_cortex.o [1]
HAL_SYSTICK_IRQHandler  0x080013a5    0x4  Code  Gb  stm32f3xx_hal_cortex.o [1]
HAL_UARTEx_WakeupCallback
                        0x08000add    0x2  Code  Wk  stm32f3xx_hal_uart_ex.o [1]
HAL_UART_ErrorCallback  0x08000c5d    0x2  Code  Wk  stm32f3xx_hal_uart.o [1]
HAL_UART_IRQHandler     0x08000485   0xf4  Code  Gb  stm32f3xx_hal_uart.o [1]
HAL_UART_Init           0x08000189   0x50  Code  Gb  stm32f3xx_hal_uart.o [1]
HAL_UART_MspInit        0x08000a6d   0x54  Code  Gb  usart.o [1]
HAL_UART_Receive        0x080002c9   0xf8  Code  Gb  stm32f3xx_hal_uart.o [1]
HAL_UART_Receive_IT     0x080003fd   0x74  Code  Gb  stm32f3xx_hal_uart.o [1]
HAL_UART_RxCpltCallback
                        0x08000ae3    0x2  Code  Gb  main.o [1]
HAL_UART_Transmit       0x080001ef   0xda  Code  Gb  stm32f3xx_hal_uart.o [1]
HAL_UART_Transmit_IT    0x080003c1   0x3c  Code  Gb  stm32f3xx_hal_uart.o [1]
HAL_UART_TxCpltCallback
                        0x08000ae1    0x2  Code  Gb  main.o [1]
MX_GPIO_Init            0x08001449  0x10c  Code  Gb  gpio.o [1]
MX_USART3_UART_Init     0x08000a39   0x34  Code  Gb  usart.o [1]
Region$$Table$$Base     0x08001a6c          --   Gb  - Linker created -
Region$$Table$$Limit    0x08001a90          --   Gb  - Linker created -
SysTick_Handler         0x08001ad5    0xe  Code  Gb  stm32f3xx_it.o [1]
SystemClock_Config      0x08000b9d   0x86  Code  Gb  main.o [1]
SystemCoreClock         0x20000000    0x4  Data  Gb  system_stm32f3xx.o [1]
SystemInit              0x08001939   0x52  Code  Gb  system_stm32f3xx.o [1]
UART_AdvFeatureConfig   0x08000765   0xc6  Code  Gb  stm32f3xx_hal_uart.o [1]
UART_CheckIdleState     0x0800082b   0x98  Code  Gb  stm32f3xx_hal_uart.o [1]
UART_Receive_IT         0x080009b9   0x7e  Code  Gb  stm32f3xx_hal_uart.o [1]
UART_SetConfig          0x08000579  0x1d0  Code  Gb  stm32f3xx_hal_uart.o [1]
UART_Transmit_IT        0x08000959   0x60  Code  Gb  stm32f3xx_hal_uart.o [1]
UART_WaitOnFlagUntilTimeout
                        0x080008c3   0x90  Code  Gb  stm32f3xx_hal_uart.o [1]
USART3_IRQHandler       0x08001ae3    0x6  Code  Gb  stm32f3xx_it.o [1]
UartReady               0x2000047c    0x1  Data  Gb  main.o [1]
__cmain                 0x08001a91         Code  Gb  cmain.o [5]
__exit                  0x08001ac1   0x14  Code  Gb  exit.o [6]
__iar_copy_init3        0x080019f5   0x2c  Code  Gb  copy_init3.o [5]
__iar_data_init3        0x08001a21   0x28  Code  Gb  data_init.o [5]
__iar_init_vfp          0x08001a49         Code  Gb  fpinit_M.o [4]
__iar_program_start     0x08001b0d         Code  Gb  cstartup_M.o [5]
__iar_unaligned___aeabi_memcpy
                        0x080013ad         Code  Gb  ABImemcpy_unaligned.o [5]
__iar_unaligned___aeabi_memcpy4
                        0x080013cd         Code  Gb  ABImemcpy_unaligned.o [5]
__iar_unaligned___aeabi_memcpy8
                        0x080013cd         Code  Gb  ABImemcpy_unaligned.o [5]
__iar_zero_init3        0x080019b5   0x40  Code  Gb  zero_init3.o [5]
__low_level_init        0x08001aab    0x4  Code  Gb  low_level_init.o [3]
__vector_table          0x08000000         Data  Gb  startup_stm32f303xc.o [1]
_call_main              0x08001a9d         Code  Gb  cmain.o [5]
_exit                   0x08001ab5         Code  Gb  cexit.o [5]
_main                   0x08001aa7         Code  Gb  cmain.o [5]
aPLLMULFactorTable      0x08001118   0x10  Data  Gb  stm32f3xx_hal_rcc.o [1]
aPredivFactorTable      0x08001128   0x10  Data  Gb  stm32f3xx_hal_rcc.o [1]
exit                    0x08001aaf    0x4  Code  Gb  exit.o [3]
huart3                  0x20000408   0x70  Data  Gb  usart.o [1]
main                    0x08000aed   0xb0  Code  Gb  main.o [1]
strlen                  0x08001555         Code  Gb  strlen.o [5]
uwTick                  0x20000478    0x4  Data  Gb  stm32f3xx_hal.o [1]


[1] = C:\Users\Yobart\Documents\GitHub\Projekt\WiLCD\Prototyp\ProtoTest\Debug\Obj
[2] = command line
[3] = dl7M_tlf.a
[4] = m7M_tls.a
[5] = rt7M_tl.a
[6] = shb_l.a

  7 190 bytes of readonly  code memory
     50 bytes of readonly  data memory
  1 145 bytes of readwrite data memory

Errors: none
Warnings: none
